# Logfile created on 2026-06-01 13:28:17 +0300 by logger.rb/47272
I, [2026-06-01T13:28:17.220288 #9300]  INFO -- : Running example 'Verifying a pact between weather-aggregator and open-meteo Given a city exists in geocoding a geocoding request for a city name with GET /v1/search?name=Timisoara&count=1&language=en&format=json returns a response which has status code 200'
I, [2026-06-01T13:28:17.220288 #9300]  INFO -- : Sending GET request to path: "/v1/search?name=Timisoara&count=1&language=en&format=json" with headers: {"X_PACT_PROVIDER_STATES"=>[{"name"=>"a city exists in geocoding"}]}, see debug logs for body
I, [2026-06-01T13:28:20.446302 #9300]  INFO -- : Received response with status: 200, headers: {"Server"=>"BaseHTTP/0.6 Python/3.12.7", "Date"=>"Mon, 01 Jun 2026 10:28:20 GMT", "Content-Type"=>"application/json", "Content-Length"=>"97"}, see debug logs for body
I, [2026-06-01T13:28:20.450976 #9300]  INFO -- : Running example 'Verifying a pact between weather-aggregator and open-meteo Given current weather is available for coordinates a current weather forecast request with GET /v1/forecast?latitude=45.75&longitude=21.23&current_weather=true&wind_speed_unit=kmh returns a response which has status code 200'
I, [2026-06-01T13:28:20.451615 #9300]  INFO -- : Sending GET request to path: "/v1/forecast?latitude=45.75&longitude=21.23&current_weather=true&wind_speed_unit=kmh" with headers: {"X_PACT_PROVIDER_STATES"=>[{"name"=>"current weather is available for coordinates"}]}, see debug logs for body
I, [2026-06-01T13:28:20.473923 #9300]  INFO -- : Received response with status: 200, headers: {"Server"=>"BaseHTTP/0.6 Python/3.12.7", "Date"=>"Mon, 01 Jun 2026 10:28:20 GMT", "Content-Type"=>"application/json", "Content-Length"=>"107"}, see debug logs for body
I, [2026-06-01T13:28:49.476100 #3520]  INFO -- : Running example 'Verifying a pact between weather-aggregator and open-meteo Given a city exists in geocoding a geocoding request for a city name with GET /v1/search?name=Timisoara&count=1&language=en&format=json returns a response which has status code 200'
I, [2026-06-01T13:28:49.477098 #3520]  INFO -- : Sending GET request to path: "/v1/search?name=Timisoara&count=1&language=en&format=json" with headers: {"X_PACT_PROVIDER_STATES"=>[{"name"=>"a city exists in geocoding"}]}, see debug logs for body
I, [2026-06-01T13:28:49.512755 #3520]  INFO -- : Received response with status: 200, headers: {"Server"=>"BaseHTTP/0.6 Python/3.12.7", "Date"=>"Mon, 01 Jun 2026 10:28:49 GMT", "Content-Type"=>"application/json", "Content-Length"=>"97"}, see debug logs for body
I, [2026-06-01T13:28:49.515765 #3520]  INFO -- : Running example 'Verifying a pact between weather-aggregator and open-meteo Given current weather is available for coordinates a current weather forecast request with GET /v1/forecast?latitude=45.75&longitude=21.23&current_weather=true&wind_speed_unit=kmh returns a response which has status code 200'
I, [2026-06-01T13:28:49.516755 #3520]  INFO -- : Sending GET request to path: "/v1/forecast?latitude=45.75&longitude=21.23&current_weather=true&wind_speed_unit=kmh" with headers: {"X_PACT_PROVIDER_STATES"=>[{"name"=>"current weather is available for coordinates"}]}, see debug logs for body
I, [2026-06-01T13:28:52.651753 #3520]  INFO -- : Received response with status: 200, headers: {"Server"=>"BaseHTTP/0.6 Python/3.12.7", "Date"=>"Mon, 01 Jun 2026 10:28:49 GMT", "Content-Type"=>"application/json", "Content-Length"=>"107"}, see debug logs for body
I, [2026-06-01T13:29:28.287842 #7332]  INFO -- : Running example 'Verifying a pact between weather-aggregator and open-meteo Given a city exists in geocoding a geocoding request for a city name with GET /v1/search?name=Timisoara&count=1&language=en&format=json returns a response which has status code 200'
I, [2026-06-01T13:29:28.288355 #7332]  INFO -- : Sending GET request to path: "/v1/search?name=Timisoara&count=1&language=en&format=json" with headers: {"X_PACT_PROVIDER_STATES"=>[{"name"=>"a city exists in geocoding"}]}, see debug logs for body
I, [2026-06-01T13:29:31.327936 #7332]  INFO -- : Received response with status: 200, headers: {"Server"=>"BaseHTTP/0.6 Python/3.12.7", "Date"=>"Mon, 01 Jun 2026 10:29:31 GMT", "Content-Type"=>"application/json", "Content-Length"=>"97"}, see debug logs for body
I, [2026-06-01T13:29:31.330930 #7332]  INFO -- : Running example 'Verifying a pact between weather-aggregator and open-meteo Given current weather is available for coordinates a current weather forecast request with GET /v1/forecast?latitude=45.75&longitude=21.23&current_weather=true&wind_speed_unit=kmh returns a response which has status code 200'
I, [2026-06-01T13:29:31.330930 #7332]  INFO -- : Sending GET request to path: "/v1/forecast?latitude=45.75&longitude=21.23&current_weather=true&wind_speed_unit=kmh" with headers: {"X_PACT_PROVIDER_STATES"=>[{"name"=>"current weather is available for coordinates"}]}, see debug logs for body
I, [2026-06-01T13:29:31.355262 #7332]  INFO -- : Received response with status: 200, headers: {"Server"=>"BaseHTTP/0.6 Python/3.12.7", "Date"=>"Mon, 01 Jun 2026 10:29:31 GMT", "Content-Type"=>"application/json", "Content-Length"=>"107"}, see debug logs for body
I, [2026-06-01T13:29:39.820470 #2464]  INFO -- : Running example 'Verifying a pact between weather-aggregator and open-meteo Given a city exists in geocoding a geocoding request for a city name with GET /v1/search?name=Timisoara&count=1&language=en&format=json returns a response which has status code 200'
I, [2026-06-01T13:29:39.821472 #2464]  INFO -- : Sending GET request to path: "/v1/search?name=Timisoara&count=1&language=en&format=json" with headers: {"X_PACT_PROVIDER_STATES"=>[{"name"=>"a city exists in geocoding"}]}, see debug logs for body
I, [2026-06-01T13:29:42.916980 #2464]  INFO -- : Received response with status: 200, headers: {"Server"=>"BaseHTTP/0.6 Python/3.12.7", "Date"=>"Mon, 01 Jun 2026 10:29:42 GMT", "Content-Type"=>"application/json", "Content-Length"=>"97"}, see debug logs for body
I, [2026-06-01T13:29:42.919960 #2464]  INFO -- : Running example 'Verifying a pact between weather-aggregator and open-meteo Given current weather is available for coordinates a current weather forecast request with GET /v1/forecast?latitude=45.75&longitude=21.23&current_weather=true&wind_speed_unit=kmh returns a response which has status code 200'
I, [2026-06-01T13:29:42.919960 #2464]  INFO -- : Sending GET request to path: "/v1/forecast?latitude=45.75&longitude=21.23&current_weather=true&wind_speed_unit=kmh" with headers: {"X_PACT_PROVIDER_STATES"=>[{"name"=>"current weather is available for coordinates"}]}, see debug logs for body
I, [2026-06-01T13:29:42.934623 #2464]  INFO -- : Received response with status: 200, headers: {"Server"=>"BaseHTTP/0.6 Python/3.12.7", "Date"=>"Mon, 01 Jun 2026 10:29:42 GMT", "Content-Type"=>"application/json", "Content-Length"=>"107"}, see debug logs for body
I, [2026-06-01T13:50:12.198327 #13624]  INFO -- : Running example 'Verifying a pact between weather-aggregator and open-meteo Given a city exists in geocoding a geocoding request for a city name with GET /v1/search?name=Timisoara&count=1&language=en&format=json returns a response which has status code 200'
I, [2026-06-01T13:50:12.198327 #13624]  INFO -- : Sending GET request to path: "/v1/search?name=Timisoara&count=1&language=en&format=json" with headers: {"X_PACT_PROVIDER_STATES"=>[{"name"=>"a city exists in geocoding"}]}, see debug logs for body
I, [2026-06-01T13:50:15.225404 #13624]  INFO -- : Received response with status: 200, headers: {"Server"=>"BaseHTTP/0.6 Python/3.12.7", "Date"=>"Mon, 01 Jun 2026 10:50:15 GMT", "Content-Type"=>"application/json", "Content-Length"=>"97"}, see debug logs for body
I, [2026-06-01T13:50:15.228398 #13624]  INFO -- : Running example 'Verifying a pact between weather-aggregator and open-meteo Given current weather is available for coordinates a current weather forecast request with GET /v1/forecast?latitude=45.75&longitude=21.23&current_weather=true&wind_speed_unit=kmh returns a response which has status code 200'
I, [2026-06-01T13:50:15.228398 #13624]  INFO -- : Sending GET request to path: "/v1/forecast?latitude=45.75&longitude=21.23&current_weather=true&wind_speed_unit=kmh" with headers: {"X_PACT_PROVIDER_STATES"=>[{"name"=>"current weather is available for coordinates"}]}, see debug logs for body
I, [2026-06-01T13:50:15.248402 #13624]  INFO -- : Received response with status: 200, headers: {"Server"=>"BaseHTTP/0.6 Python/3.12.7", "Date"=>"Mon, 01 Jun 2026 10:50:15 GMT", "Content-Type"=>"application/json", "Content-Length"=>"107"}, see debug logs for body
I, [2026-06-01T13:50:58.776857 #17960]  INFO -- : Running example 'Verifying a pact between weather-aggregator and open-meteo Given a city exists in geocoding a geocoding request for a city name with GET /v1/search?name=Timisoara&count=1&language=en&format=json returns a response which has status code 200'
I, [2026-06-01T13:50:58.776857 #17960]  INFO -- : Sending GET request to path: "/v1/search?name=Timisoara&count=1&language=en&format=json" with headers: {"X_PACT_PROVIDER_STATES"=>[{"name"=>"a city exists in geocoding"}]}, see debug logs for body
I, [2026-06-01T13:51:01.932345 #17960]  INFO -- : Received response with status: 200, headers: {"Server"=>"BaseHTTP/0.6 Python/3.12.7", "Date"=>"Mon, 01 Jun 2026 10:51:01 GMT", "Content-Type"=>"application/json", "Content-Length"=>"97"}, see debug logs for body
I, [2026-06-01T13:51:01.936349 #17960]  INFO -- : Running example 'Verifying a pact between weather-aggregator and open-meteo Given current weather is available for coordinates a current weather forecast request with GET /v1/forecast?latitude=45.75&longitude=21.23&current_weather=true&wind_speed_unit=kmh returns a response which has status code 200'
I, [2026-06-01T13:51:01.936349 #17960]  INFO -- : Sending GET request to path: "/v1/forecast?latitude=45.75&longitude=21.23&current_weather=true&wind_speed_unit=kmh" with headers: {"X_PACT_PROVIDER_STATES"=>[{"name"=>"current weather is available for coordinates"}]}, see debug logs for body
I, [2026-06-01T13:51:01.968343 #17960]  INFO -- : Received response with status: 200, headers: {"Server"=>"BaseHTTP/0.6 Python/3.12.7", "Date"=>"Mon, 01 Jun 2026 10:51:01 GMT", "Content-Type"=>"application/json", "Content-Length"=>"107"}, see debug logs for body
I, [2026-06-01T14:40:57.875149 #5140]  INFO -- : Running example 'Verifying a pact between weather-aggregator and open-meteo Given a city exists in geocoding a geocoding request for a city name with GET /v1/search?name=Timisoara&count=1&language=en&format=json returns a response which has status code 200'
I, [2026-06-01T14:40:57.876149 #5140]  INFO -- : Sending GET request to path: "/v1/search?name=Timisoara&count=1&language=en&format=json" with headers: {"X_PACT_PROVIDER_STATES"=>[{"name"=>"a city exists in geocoding"}]}, see debug logs for body
I, [2026-06-01T14:40:57.904152 #5140]  INFO -- : Received response with status: 200, headers: {"Server"=>"BaseHTTP/0.6 Python/3.12.7", "Date"=>"Mon, 01 Jun 2026 11:40:57 GMT", "Content-Type"=>"application/json", "Content-Length"=>"97"}, see debug logs for body
I, [2026-06-01T14:41:01.530992 #5140]  INFO -- : Running example 'Verifying a pact between weather-aggregator and open-meteo Given current weather is available for coordinates a current weather forecast request with GET /v1/forecast?latitude=45.75&longitude=21.23&current_weather=true&wind_speed_unit=kmh returns a response which has status code 200'
I, [2026-06-01T14:41:01.532005 #5140]  INFO -- : Sending GET request to path: "/v1/forecast?latitude=45.75&longitude=21.23&current_weather=true&wind_speed_unit=kmh" with headers: {"X_PACT_PROVIDER_STATES"=>[{"name"=>"current weather is available for coordinates"}]}, see debug logs for body
I, [2026-06-01T14:41:01.546992 #5140]  INFO -- : Received response with status: 200, headers: {"Server"=>"BaseHTTP/0.6 Python/3.12.7", "Date"=>"Mon, 01 Jun 2026 11:41:01 GMT", "Content-Type"=>"application/json", "Content-Length"=>"107"}, see debug logs for body
I, [2026-06-01T15:44:00.158436 #19228]  INFO -- : Running example 'Verifying a pact between weather-aggregator and open-meteo Given a city exists in geocoding a geocoding request for a city name with GET /v1/search?name=Timisoara&count=1&language=en&format=json returns a response which has status code 200'
I, [2026-06-01T15:44:04.166197 #19228]  INFO -- : Sending GET request to path: "/v1/search?name=Timisoara&count=1&language=en&format=json" with headers: {"X_PACT_PROVIDER_STATES"=>[{"name"=>"a city exists in geocoding"}]}, see debug logs for body
I, [2026-06-01T15:44:04.195196 #19228]  INFO -- : Received response with status: 200, headers: {"Server"=>"BaseHTTP/0.6 Python/3.12.7", "Date"=>"Mon, 01 Jun 2026 12:44:04 GMT", "Content-Type"=>"application/json", "Content-Length"=>"97"}, see debug logs for body
I, [2026-06-01T15:44:04.198190 #19228]  INFO -- : Running example 'Verifying a pact between weather-aggregator and open-meteo Given current weather is available for coordinates a current weather forecast request with GET /v1/forecast?latitude=45.75&longitude=21.23&current_weather=true&wind_speed_unit=kmh returns a response which has status code 200'
I, [2026-06-01T15:44:04.198190 #19228]  INFO -- : Sending GET request to path: "/v1/forecast?latitude=45.75&longitude=21.23&current_weather=true&wind_speed_unit=kmh" with headers: {"X_PACT_PROVIDER_STATES"=>[{"name"=>"current weather is available for coordinates"}]}, see debug logs for body
I, [2026-06-01T15:44:04.222197 #19228]  INFO -- : Received response with status: 200, headers: {"Server"=>"BaseHTTP/0.6 Python/3.12.7", "Date"=>"Mon, 01 Jun 2026 12:44:04 GMT", "Content-Type"=>"application/json", "Content-Length"=>"107"}, see debug logs for body
